app/Pages/Research.tsx(105,1): error TS1128: Declaration or statement expected.
